// Jest Snapshot v1, https://goo.gl/fbAQLP

exports[`Injected App displays injected app when no project selected. 1`] = `
Array [
  <React.Fragment>
    <Chathead
      activeBreakpoints={Array []}
      completedBreakpoints={Array []}
      createBreakpoint={[Function]}
      setDebuggee={[Function]}
      setProject={[Function]}
    />
  </React.Fragment>,
]
`;
